land
..........XXXXXXXXXXXXXXXXXXXXXXXXXXXXXXXXXXXXX
..........J.....   +  +  ++    + +   O +++    #
......K......... O +  + ++ + ++     + +   +   X
................   + + ++ + + + + +  +  +  +  X
XXXXXX..........  ++ +  + +++ ++   ++    ++ + X
X +  +.......... +++    +  + +   + +  + +  +  X
X +  +..........     + ++ +  + + + +  + ++ +  X
X ++ +  +    N + +  ++ ++  + +  ++ + +  +   + X
X  +  + ++  ++ + ++    +++ +  +   +   + + + + X
X  ++ + + +   +  + ++ +   + ++ +  +  ++  +    X
X +  + +  ++ +  ++ +   ++ +   ++   +   + +  + X
X  + + + +  +  ++  + +  + ++ +   +  +  + +    X
X + +  + + +  +   + +  ++  +  +   +  + + +  + X
X  + + + + +  + +  + +  + +  + + +  ++  + +   X
X + ++ + +  +  + +  +  ++  +  +  + +  ++ +  + X
X  + + +  + +  +  + + +   +  + +   ++  +++ +  X
X + ++ + +  + +  +  + ++   ++  + +  +  +  ++  X
X  + + +  +  + +  +  +  + +  +  + +  + +  +   X
X ++  + +  +  + +  ++ +  + +  +  + +  + ++  + X
X  +  +  + +    ++  ++  + +  +  + +  + +  ++  X
XI          T O                             O X
X           P                                 X
WWWWWWWWWWWWWWWWWWWWWWWWWWWWWWWWWWWWWWWWWWWWWWW
VVVVVVVVVVVVVVVVVVVVVVVVVVVVVVVVVVVVVVVVVVVVVVV