land
..........XXXXXXXXXXXXXXXXXXXXXXXXXXXXXXXXXXXXX
..........J...                                #
.............. O                              X
......K.......                                X
XXXXXX........                                X
X     ...  N                                  X
X     ...                                     X
X                                             X
X                                             X
X 11111111 11111111                           X
X 22222222 22222222                           X
X 33333333 33333333                           X
X 44444444 44444444                           X
X 55555555 55555555                           X
X 66666666 66666666                           X
X 77777777 77777777                           X
X 88888888 88888888                           X
X                                             X
X                                             X
X   I T O                                     X
X                                             X
X     P                                       X
WWWWWWWWWWWWWWWWWWWWWWWWWWWWWWWWWWWWWWWWWWWWWWW
VVVVVVVVVVVVVVVVVVVVVVVVVVVVVVVVVVVVVVVVVVVVVVV
