space
XXXXXXXXXXXXXXXXXXXXXXXXXXXXXXXXXXXXXXXXXXXXXXX
X                                             #
X                                           O X
X                                             X
X                                             X
X                                             X
X                                             X
X                                             X
X                                             X
X                                             X
X                                             X
X                                             X
X                                             X
X                                             X
X                                             X
X                                             X
X                                             X
X                                             X
X                                             X
X                                             X
X                                             X
X O P                                         X
X                                             X
XXXXXXXXXXXXXXXXXXXXXXXXXXXXXXXXXXXXXXXXXXXXXXX
