uw
XXXXXXXXXXXXXXXXXXXXXXXXXXXXXXXXXXXXXXXXXXXXXXX
X                                             #
X                                             X
X                                             X
X                                             X
X                                             X
X                                             X
X                                             X
X                                             X
X                                             X
X                                             X
X                                             X
X                                             X
X                                             X
X                                             X
X                                             X
X                                             X
X-                                            X
X                                             X
X    B                                        X
X                                             X
P.                                            X
..                                            X
XXXXXXXXXXXXXXXXXXXXXXXXXXXXXXXXXXXXXXXXXXXXXXX
