uw
XXXXXXXXXXXXXXXXXXXXXXXXXXXXXXXXXXXXXXXXXXXXXXX
X                                             #
X                                             X
X                                             X
X                                             X
X                                             X
X                                             X
X                                             X
X                                             X
X                                             X
X                                             X
X_                                            X
X B                                           X
X                                             X
X                                             X
X                                             X
X                                             X
X                                             X
X                                             X
X                                             X
X   P                                         X
X                                             X
X   O                                         X
XXXXXXXXXXXXXXXXXXXXXXXXXXXXXXXXXXXXXXXXXXXXXXX
